// Jest Snapshot v1, https://goo.gl/fbAQLP

exports[`UserList.vue should render correctly 1`] = `
<div class="user-list">
  <div class="user-card"><img class="user-picture" src="https://randomuser.me/api/portraits/thumb/men/1.jpg" alt="User picture">
    <div class="user-info">
      <h2>John Doe</h2>
      <p>john.doe@example.com</p>
    </div>
  </div>
  <div class="user-card"><img class="user-picture" src="https://randomuser.me/api/portraits/thumb/men/1.jpg" alt="User picture">
    <div class="user-info">
      <h2>Jane Doe</h2>
      <p>john.doe@example.com</p>
    </div>
  </div><button> More results... </button>
</div>
`;
