// Jest Snapshot v1, https://goo.gl/fbAQLP

exports[`UserCard.vue should render correctly 1`] = `
<div class="user-card"><img class="user-picture" src="https://via.placeholder.com/150" alt="User picture">
  <div class="user-info">
    <h2>Test User</h2>
    <p>test.user@example.com</p>
  </div>
</div>
`;
